Node ID: 18
Node_IP: c11-13:50973
Node hash: 53816bb198c0379a6425b64d565ff468e0a52412
Node status: new

STABILIZE()
 * Serving Flask app 'node'
 * Debug mode: off

JOIN_RING()
    Contacting c7-7:61179 to join network...

UPDATE_SUCCESSORS()

HELP_STABILIZE()

STABILIZE()

UPDATE_SUCCESSORS()
    Successors: [[932, 'c7-7:61179']]
    Predecessor: [932, 'c7-7:61179']
    finger_table: []

HELP_JOIN()

UPDATE_SUCCESSORS()

HELP_STABILIZE()

STABILIZE()

UPDATE_SUCCESSORS()
    Successors: [(192, 'c7-20:55722'), [932, 'c7-7:61179']]
    Predecessor: [932, 'c7-7:61179']
    finger_table: []

HELP_STABILIZE()

STABILIZE()

UPDATE_SUCCESSORS()

HELP_STABILIZE()

HELP_STABILIZE()
    Successors: [(192, 'c7-20:55722'), [361, 'c11-3:52667']]
    Predecessor: [932, 'c7-7:61179']
    finger_table: []

HELP_STABILIZE()

STABILIZE()

UPDATE_SUCCESSORS()
    Successors: [(192, 'c7-20:55722'), [932, 'c7-7:61179']]
    Predecessor: [932, 'c7-7:61179']
    finger_table: []

HELP_STABILIZE()

STABILIZE()

UPDATE_SUCCESSORS()
    Successors: [(192, 'c7-20:55722'), [932, 'c7-7:61179']]
    Predecessor: [932, 'c7-7:61179']
    finger_table: []

HELP_STABILIZE()

STABILIZE()

UPDATE_SUCCESSORS()
    Successors: [(192, 'c7-20:55722'), [932, 'c7-7:61179']]
    Predecessor: [932, 'c7-7:61179']
    finger_table: []

HELP_STABILIZE()

STABILIZE()

UPDATE_SUCCESSORS()
    Successors: [(192, 'c7-20:55722'), [932, 'c7-7:61179']]
    Predecessor: [932, 'c7-7:61179']
    finger_table: []

HELP_STABILIZE()

STABILIZE()

UPDATE_SUCCESSORS()
    Successors: [(192, 'c7-20:55722'), [361, 'c11-3:52667']]
    Predecessor: [932, 'c7-7:61179']
    finger_table: []

HELP_STABILIZE()

STABILIZE()

UPDATE_SUCCESSORS()
    Successors: [(192, 'c7-20:55722'), [361, 'c11-3:52667']]
    Predecessor: [932, 'c7-7:61179']
    finger_table: []

HELP_STABILIZE()

STABILIZE()

UPDATE_SUCCESSORS()
    Successors: [(192, 'c7-20:55722'), [361, 'c11-3:52667']]
    Predecessor: [932, 'c7-7:61179']
    finger_table: []

HELP_STABILIZE()

STABILIZE()

UPDATE_SUCCESSORS()
    Successors: [(192, 'c7-20:55722'), [361, 'c11-3:52667']]
    Predecessor: [932, 'c7-7:61179']
    finger_table: []

HELP_STABILIZE()

STABILIZE()

UPDATE_SUCCESSORS()
    Successors: [(192, 'c7-20:55722'), [361, 'c11-3:52667']]
    Predecessor: [932, 'c7-7:61179']
    finger_table: []

HELP_STABILIZE()

STABILIZE()

UPDATE_SUCCESSORS()
    Successors: [(192, 'c7-20:55722'), [361, 'c11-3:52667']]
    Predecessor: [932, 'c7-7:61179']
    finger_table: []

HELP_STABILIZE()
