Node ID: 361
Node_IP: c11-3:52667
Node hash: a39a5a9a7f117cd5d8857cc5a9b711adf3dc7569
Node status: new

STABILIZE()
 * Serving Flask app 'node'
 * Debug mode: off

JOIN_RING()
    Contacting c7-7:61179 to join network...

UPDATE_SUCCESSORS()

STABILIZE()

UPDATE_SUCCESSORS()
    Successors: [[932, 'c7-7:61179'], [18, 'c11-13:50973']]
    Predecessor: [18, 'c11-13:50973']
    finger_table: []

STABILIZE()

UPDATE_SUCCESSORS()
    Successors: [[932, 'c7-7:61179'], [18, 'c11-13:50973']]
    Predecessor: [18, 'c11-13:50973']
    finger_table: []

STABILIZE()

UPDATE_SUCCESSORS()
    Successors: [[932, 'c7-7:61179'], [18, 'c11-13:50973']]
    Predecessor: [18, 'c11-13:50973']
    finger_table: []

HELP_STABILIZE()

STABILIZE()

UPDATE_SUCCESSORS()
    Successors: [[932, 'c7-7:61179'], [18, 'c11-13:50973']]
    Predecessor: [192, 'c7-20:55722']
    finger_table: []

HELP_STABILIZE()

STABILIZE()

UPDATE_SUCCESSORS()
    Successors: [[932, 'c7-7:61179'], [18, 'c11-13:50973']]
    Predecessor: [192, 'c7-20:55722']
    finger_table: []

HELP_STABILIZE()

LEAVE_RING()
    Node: 361 left the circle

STABILIZE()
    NODE: 361 is dead or not_member!

STABILIZE()
    NODE: 361 is dead or not_member!

STABILIZE()
    NODE: 361 is dead or not_member!

STABILIZE()
    NODE: 361 is dead or not_member!

SIM_RECOVER()

JOIN_RING()
    Contacting c7-20:55722 to join network...

STABILIZE()

UPDATE_SUCCESSORS()

UPDATE_SUCCESSORS()
    Successors: [[932, 'c7-7:61179'], [18, 'c11-13:50973']]
    Predecessor: [192, 'c7-20:55722']
    finger_table: []

HELP_STABILIZE()

STABILIZE()

UPDATE_SUCCESSORS()
    Successors: [[932, 'c7-7:61179'], [18, 'c11-13:50973']]
    Predecessor: [192, 'c7-20:55722']
    finger_table: []

HELP_STABILIZE()

STABILIZE()

UPDATE_SUCCESSORS()
    Successors: [[932, 'c7-7:61179'], [18, 'c11-13:50973']]
    Predecessor: [192, 'c7-20:55722']
    finger_table: []

HELP_STABILIZE()

STABILIZE()

UPDATE_SUCCESSORS()
    Successors: [[932, 'c7-7:61179'], [18, 'c11-13:50973']]
    Predecessor: [192, 'c7-20:55722']
    finger_table: []

HELP_STABILIZE()

STABILIZE()

UPDATE_SUCCESSORS()
    Successors: [[932, 'c7-7:61179'], [18, 'c11-13:50973']]
    Predecessor: [192, 'c7-20:55722']
    finger_table: []

HELP_STABILIZE()

STABILIZE()

UPDATE_SUCCESSORS()
    Successors: [[932, 'c7-7:61179'], [18, 'c11-13:50973']]
    Predecessor: [192, 'c7-20:55722']
    finger_table: []

HELP_STABILIZE()

STABILIZE()

UPDATE_SUCCESSORS()
    Successors: [[932, 'c7-7:61179'], [18, 'c11-13:50973']]
    Predecessor: [192, 'c7-20:55722']
    finger_table: []

HELP_STABILIZE()
