Node ID: 192
Node_IP: c7-20:55722
Node hash: 859eebe586b507d7cfee3c3e107465131a3d98c0
Node status: new

STABILIZE()
 * Serving Flask app 'node'
 * Debug mode: off

STABILIZE()

JOIN_RING()
    Contacting c7-7:61179 to join network...

UPDATE_SUCCESSORS()

HELP_STABILIZE()

STABILIZE()

UPDATE_SUCCESSORS()
    Successors: [(361, 'c11-3:52667'), [932, 'c7-7:61179']]
    Predecessor: [18, 'c11-13:50973']
    finger_table: []

HELP_STABILIZE()

STABILIZE()

UPDATE_SUCCESSORS()
    Successors: [(361, 'c11-3:52667'), [932, 'c7-7:61179']]
    Predecessor: [18, 'c11-13:50973']
    finger_table: []

STABILIZE()

UPDATE_SUCCESSORS()
    Successors: [(361, 'c11-3:52667'), [932, 'c7-7:61179']]
    Predecessor: [18, 'c11-13:50973']
    finger_table: []

STABILIZE()

UPDATE_SUCCESSORS()
    Successors: [(361, 'c11-3:52667'), [932, 'c7-7:61179']]
    Predecessor: [18, 'c11-13:50973']
    finger_table: []

HELP_LEAVE()

STABILIZE()

UPDATE_SUCCESSORS()
    Successors: [[932, 'c7-7:61179'], [18, 'c11-13:50973']]
    Predecessor: [18, 'c11-13:50973']
    finger_table: []

HELP_STABILIZE()

STABILIZE()

UPDATE_SUCCESSORS()
    Successors: [[932, 'c7-7:61179'], [18, 'c11-13:50973']]
    Predecessor: [18, 'c11-13:50973']
    finger_table: []

HELP_STABILIZE()

STABILIZE()

UPDATE_SUCCESSORS()
    Successors: [[932, 'c7-7:61179'], [18, 'c11-13:50973']]
    Predecessor: [18, 'c11-13:50973']
    finger_table: []

HELP_STABILIZE()

STABILIZE()

UPDATE_SUCCESSORS()
    Successors: [[932, 'c7-7:61179'], [18, 'c11-13:50973']]
    Predecessor: [18, 'c11-13:50973']
    finger_table: []

HELP_STABILIZE()

HELP_JOIN()

UPDATE_SUCCESSORS()

STABILIZE()

UPDATE_SUCCESSORS()
    Successors: [(361, 'c11-3:52667'), [932, 'c7-7:61179']]
    Predecessor: [18, 'c11-13:50973']
    finger_table: []

HELP_STABILIZE()

STABILIZE()

UPDATE_SUCCESSORS()
    Successors: [(361, 'c11-3:52667'), [932, 'c7-7:61179']]
    Predecessor: [18, 'c11-13:50973']
    finger_table: []

HELP_STABILIZE()

STABILIZE()

UPDATE_SUCCESSORS()
    Successors: [(361, 'c11-3:52667'), [932, 'c7-7:61179']]
    Predecessor: [18, 'c11-13:50973']
    finger_table: []

HELP_STABILIZE()

STABILIZE()

UPDATE_SUCCESSORS()
    Successors: [(361, 'c11-3:52667'), [932, 'c7-7:61179']]
    Predecessor: [18, 'c11-13:50973']
    finger_table: []

HELP_STABILIZE()

STABILIZE()

UPDATE_SUCCESSORS()
    Successors: [(361, 'c11-3:52667'), [932, 'c7-7:61179']]
    Predecessor: [18, 'c11-13:50973']
    finger_table: []

HELP_STABILIZE()

STABILIZE()

UPDATE_SUCCESSORS()
    Successors: [(361, 'c11-3:52667'), [932, 'c7-7:61179']]
    Predecessor: [18, 'c11-13:50973']
    finger_table: []

HELP_STABILIZE()

STABILIZE()

UPDATE_SUCCESSORS()
    Successors: [(361, 'c11-3:52667')]
    Predecessor: [18, 'c11-13:50973']
    finger_table: []
